RAM Allocation [bytes]
Variable                                                                          Address   Size
------------------------------------------------------------------------------------------------
adc_data                                                                          0x0160      16
tmp_adc                                                                           0x0170      16
input_index                                                                       0x0180       1
indexing                                                                          0x0181       2
_base_y                                                                           0x0183       4

EEPROM Allocation [bytes]
Variable                                                                          Address   Size
------------------------------------------------------------------------------------------------

Register Allocation
Variable                                                                          Register  Size
------------------------------------------------------------------------------------------------
_lcd_x                                                                            R5           1
_lcd_y                                                                            R4           1
_lcd_maxx                                                                         R7           1

FLASH Allocation [words]
Function                                                                          Address   Size
------------------------------------------------------------------------------------------------
main                                                                              0x0006D      4
adc_isr                                                                           0x00071     46
init_acd_interupt                                                                 0x0009F     22
func2_interupt                                                                    0x000B5    112
_lcd_write_nibble_G100                                                            0x00125     20
_lcd_write_data                                                                   0x00139     12
lcd_gotoxy                                                                        0x00145     13
lcd_clear                                                                         0x00152     12
lcd_putchar                                                                       0x0015E     21
lcd_puts                                                                          0x00173     17
lcd_init                                                                          0x00184     46
put_buff_G101                                                                     0x001B2     64
_print_G101                                                                       0x001F2    308
sprintf                                                                           0x00326     52
strlen                                                                            0x0035A     12
strlenf                                                                           0x00366     13
