RAM Allocation [bytes]
Variable                                                                          Address   Size
------------------------------------------------------------------------------------------------
total_car                                                                         0x0160       2
_base_y                                                                           0x0162       4

EEPROM Allocation [bytes]
Variable                                                                          Address   Size
------------------------------------------------------------------------------------------------

Register Allocation
Variable                                                                          Register  Size
------------------------------------------------------------------------------------------------
_lcd_x                                                                            R5           1
_lcd_y                                                                            R4           1
_lcd_maxx                                                                         R7           1

FLASH Allocation [words]
Function                                                                          Address   Size
------------------------------------------------------------------------------------------------
ext_int0_isr                                                                      0x0006E     29
main                                                                              0x0008B      9
init_ports_timers                                                                 0x00094     19
interupt_0                                                                        0x000A7     68
_lcd_write_nibble_G100                                                            0x000EB     20
_lcd_write_data                                                                   0x000FF     12
lcd_gotoxy                                                                        0x0010B     13
lcd_clear                                                                         0x00118     12
lcd_putchar                                                                       0x00124     21
lcd_puts                                                                          0x00139     17
lcd_init                                                                          0x0014A     46
put_buff_G101                                                                     0x00178     64
_print_G101                                                                       0x001B8    308
sprintf                                                                           0x002EC     52
strlen                                                                            0x00320     12
strlenf                                                                           0x0032C     13
