RAM Allocation [bytes]
Variable                                                                          Address   Size
------------------------------------------------------------------------------------------------

EEPROM Allocation [bytes]
Variable                                                                          Address   Size
------------------------------------------------------------------------------------------------

Register Allocation
Variable                                                                          Register  Size
------------------------------------------------------------------------------------------------

FLASH Allocation [words]
Function                                                                          Address   Size
------------------------------------------------------------------------------------------------
main                                                                              0x0004A      8
one                                                                               0x00052     26
two                                                                               0x0006C     18
three                                                                             0x0007E      9
four                                                                              0x00087     23
five                                                                              0x0009E     29
six                                                                               0x000BB     40
